../Drivers/CMSIS/Include/core_cm4.h:1938:34:__NVIC_SystemReset	1
../Core/Src/main.c:97:5:main	1
../Core/Src/main.c:146:6:SystemClock_Config	3
../Core/Src/main.c:179:13:MX_USART1_UART_Init	2
../Core/Src/main.c:198:13:MX_USART2_UART_Init	2
../Core/Src/main.c:217:13:MX_GPIO_Init	1
../Core/Src/main.c:238:5:_write	1
../Core/Src/main.c:247:6:StartDefaultTask	6
../Core/Src/main.c:276:6:StartTask03	2
../Core/Src/main.c:296:6:StartTask04	2
../Core/Src/main.c:325:6:HAL_TIM_PeriodElapsedCallback	2
../Core/Src/main.c:329:6:Error_Handler	1
