../Drivers/CMSIS/Include/core_cm4.h:1938:34:__NVIC_SystemReset	4	static,ignoring_inline_asm
../Core/Src/main.c:97:5:main	8	static
../Core/Src/main.c:146:6:SystemClock_Config	88	static
../Core/Src/main.c:179:13:MX_USART1_UART_Init	8	static
../Core/Src/main.c:198:13:MX_USART2_UART_Init	8	static
../Core/Src/main.c:217:13:MX_GPIO_Init	40	static
../Core/Src/main.c:238:5:_write	24	static
../Core/Src/main.c:247:6:StartDefaultTask	48	static
../Core/Src/main.c:276:6:StartTask03	32	static
../Core/Src/main.c:296:6:StartTask04	24	static
../Core/Src/main.c:325:6:HAL_TIM_PeriodElapsedCallback	16	static
../Core/Src/main.c:329:6:Error_Handler	4	static,ignoring_inline_asm
