10:52:30 **** Incremental Build of configuration Debug for project obc ****
make -j8 all 
arm-none-eabi-gcc "../Core/Src/main.c" -mcpu=cortex-m4 -std=gnu11 -g3 -DDEBUG -DUSE_HAL_DRIVER -DSTM32F401xC -c -I../Core/Inc -I../Drivers/STM32F4xx_HAL_Driver/Inc -I../Drivers/STM32F4xx_HAL_Driver/Inc/Legacy -I../Middlewares/Third_Party/FreeRTOS/Source/include -I../Middlewares/Third_Party/FreeRTOS/Source/CMSIS_RTOS_V2 -I../Middlewares/Third_Party/FreeRTOS/Source/portable/GCC/ARM_CM4F -I../Drivers/CMSIS/Device/ST/STM32F4xx/Include -I../Drivers/CMSIS/Include -O0 -ffunction-sections -fdata-sections -Wall -fstack-usage -fcyclomatic-complexity -MMD -MP -MF"Core/Src/main.d" -MT"Core/Src/main.o" --specs=nano.specs -mfpu=fpv4-sp-d16 -mfloat-abi=hard -mthumb -o "Core/Src/main.o"
arm-none-eabi-gcc -o "obc.elf" @"objects.list"   -mcpu=cortex-m4 -T"C:\Users\amans\OneDrive\Documents\Projects\vela-flight\obc\STM32F401CCUX_FLASH.ld" --specs=nosys.specs -Wl,-Map="obc.map" -Wl,--gc-sections -static --specs=nano.specs -mfpu=fpv4-sp-d16 -mfloat-abi=hard -mthumb -Wl,--start-group -lc -lm -Wl,--end-group
Finished building target: obc.elf
 
arm-none-eabi-size  obc.elf 
arm-none-eabi-objdump -h -S obc.elf  > "obc.list"
   text	   data	    bss	    dec	    hex	filename
  21912	     96	  20960	  42968	   a7d8	obc.elf
Finished building: default.size.stdout
 
Finished building: obc.list
 

10:52:31 Build Finished. 0 errors, 0 warnings. (took 926ms)

